============================================================
WORKFLOW 3: NEAREST ACTIVE DRIVER / VEHICLE
============================================================
Collection: TelemetryPings
Purpose: Find the closest active/available vehicle within 5 km
Coordinates: [-73.9857, 40.7484]
Maximum distance: 5000 meters
Required index: location_2dsphere
Document count: 500004

------------------------------------------------------------
PIPELINE
------------------------------------------------------------
[
  {
    '$geoNear': {
      near: {
        type: 'Point',
        coordinates: [
          -73.9857,
          40.7484
        ]
      },
      distanceField: 'dist_meters',
      maxDistance: 5000,
      spherical: true,
      query: {
        isAvailable: true
      }
    }
  },
  {
    '$limit': 5
  },
  {
    '$project': {
      _id: 0,
      vehicleId: 1,
      location: 1,
      isAvailable: 1,
      distance_km: {
        '$divide': [
          '$dist_meters',
          1000
        ]
      }
    }
  }
]

------------------------------------------------------------
EXPLAIN: executionStats
------------------------------------------------------------
{
  explainVersion: '1',
  stages: [
    {
      '$geoNearCursor': {
        queryPlanner: {
          namespace: 'ridesync_db.TelemetryPings',
          parsedQuery: {
            '$and': [
              {
                isAvailable: {
                  '$eq': true
                }
              },
              {
                location: {
                  '$nearSphere': {
                    type: 'Point',
                    coordinates: [
                      -73.9857,
                      40.7484
                    ]
                  },
                  '$maxDistance': 5000
                }
              }
            ]
          },
          indexFilterSet: false,
          queryHash: 'FD9F6E34',
          planCacheShapeHash: 'FD9F6E34',
          planCacheKey: '98859723',
          optimizationTimeMillis: 0,
          maxIndexedOrSolutionsReached: false,
          maxIndexedAndSolutionsReached: false,
          maxScansToExplodeReached: false,
          prunedSimilarIndexes: false,
          winningPlan: {
            isCached: false,
            stage: 'FETCH',
            filter: {
              isAvailable: {
                '$eq': true
              }
            },
            inputStage: {
              stage: 'GEO_NEAR_2DSPHERE',
              keyPattern: {
                location: '2dsphere'
              },
              indexName: 'location_2dsphere',
              indexVersion: 2,
              inputStages: [
                {
                  stage: 'FETCH',
                  inputStage: {
                    stage: 'IXSCAN',
                    keyPattern: {
                      location: '2dsphere'
                    },
                    indexName: 'location_2dsphere',
                    isMultiKey: false,
                    multiKeyPaths: {
                      location: []
                    },
                    isUnique: false,
                    isSparse: false,
                    isPartial: false,
                    indexVersion: 2,
                    direction: 'forward',
                    indexBounds: {
                      location: [
                        '[-8574853690513424384, -8574853690513424384]',
                        '[-8520810494984978432, -8520810494984978432]',
                        '[-8520177176287379456, -8520177176287379456]',
                        '[-8520159584101335040, -8520159584101335040]',
                        '[-8520149688496685056, -8520149688496685056]',
                        '[-8520148965868437504, -8520148965868437504]',
                        '[-8520148965600002048, -8520148965600002048]',
                        '[-8520148965566447615, -8520148965532893185]',
                        '[-8520148965532893184, -8520148965532893184]',
                        '[-8520148965532893183, -8520148965499338753]',
                        '[-8520148963720953856, -8520148963720953856]',
                        '[-8520148962915647488, -8520148962915647488]',
                        '[-8520148962714320896, -8520148962714320896]',
                        '[-8520148962680766463, -8520148962672377857]',
                        '[-8520148962663989248, -8520148962663989248]',
                        '[-8520148962655600639, -8520148962647212033]',
                        '[-8520148962647212032, -8520148962647212032]',
                        '[-8520148962647212031, -8520148962613657601]',
                        '[-8520148962611036159, -8520148962610511873]',
                        '[-8520148962610511872, -8520148962610511872]',
                        '[-8520148962609463296, -8520148962609463296]',
                        '[-8520148962596880384, -8520148962596880384]',
                        '[-8520148962588491775, -8520148962580103169]',
                        '[-8520148962580103168, -8520148962580103168]',
                        '[-8520148962580103167, -8520148962578006017]',
                        '[-8520148962575908864, -8520148962575908864]',
                        '[-8520148962563325952, -8520148962563325952]',
                        '[-8520148962546548735, -8520148962512994305]',
                        '[-8520148962512994303, -8520148962504605697]',
                        '[-8520148962504605695, -8520148962504572929]',
                        '[-8520148962504540160, -8520148962504540160]',
                        '[-8520148962504343552, -8520148962504343552]',
                        '[-8520148962503557120, -8520148962503557120]',
                        '[-8520148962500411392, -8520148962500411392]',
                        '[-8520148962496217088, -8520148962496217088]',
                        '[-8520148962445885440, -8520148962445885440]',
                        '[-8520148962378776576, -8520148962378776576]',
                        '[-8520148961573470208, -8520148961573470208]',
                        '[-8520148959895748608, -8520148959895748608]',
                        '[-8520148959895748607, -8520148959862194177]',
                        '[-8520148959862194175, -8520148959828639745]',
                        '[-8520148959828639743, -8520148959694422017]',
                        '[-8520148959694422016, -8520148959694422016]',
                        '[-8520148959694422015, -8520148959660867585]',
                        '[-8520148959660867583, -8520148959627313153]',
                        '[-8520148959627313152, -8520148959627313152]',
                        '[-8520148959518261247, -8520148959509872641]',
                        '[-8520148959509872640, -8520148959509872640]',
                        '[-8520148959493095424, -8520148959493095424]',
                        '[-8520148959425986560, -8520148959425986560]',
                        '[-8520148949762310144, -8520148949762310144]',
                        '[-8520148932582440960, -8520148932582440960]',
                        '[-8520148863862964224, -8520148863862964224]',
                        '[-8520146389961801728, -8520146389961801728]',
                        '[-8519966070054846464, -8519966070054846464]',
                        '[-8519684595078135808, -8519684595078135808]',
                        '[-8516306895357607936, -8516306895357607936]'
                      ]
                    }
                  }
                },
                {
                  stage: 'FETCH',
                  inputStage: {
                    stage: 'IXSCAN',
                    keyPattern: {
                      location: '2dsphere'
                    },
                    indexName: 'location_2dsphere',
                    isMultiKey: false,
                    multiKeyPaths: {
                      location: []
                    },
                    isUnique: false,
                    isSparse: false,
                    isPartial: false,
                    indexVersion: 2,
                    direction: 'forward',
                    indexBounds: {
                      location: [
                        '[-8574853690513424384, -8574853690513424384]',
                        '[-8520810494984978432, -8520810494984978432]',
                        '[-8520177176287379456, -8520177176287379456]',
                        '[-8520159584101335040, -8520159584101335040]',
                        '[-8520149688496685056, -8520149688496685056]',
                        '[-8520148966136872960, -8520148966136872960]',
                        '[-8520148966136872959, -8520148966002655233]',
                        '[-8520148965868437504, -8520148965868437504]',
                        '[-8520148965868437503, -8520148965734219777]',
                        '[-8520148965734219775, -8520148965600002049]',
                        '[-8520148965600002048, -8520148965600002048]',
                        '[-8520148965600002047, -8520148965566447617]',
                        '[-8520148965532893184, -8520148965532893184]',
                        '[-8520148965499338751, -8520148965465784321]',
                        '[-8520148965465784319, -8520148965331566593]',
                        '[-8520148963720953856, -8520148963720953856]',
                        '[-8520148963452518400, -8520148963452518400]',
                        '[-8520148963251191808, -8520148963251191808]',
                        '[-8520148963251191807, -8520148963217637377]',
                        '[-8520148963217637375, -8520148963184082945]',
                        '[-8520148963184082943, -8520148963049865217]',
                        '[-8520148963049865215, -8520148962915647489]',
                        '[-8520148962915647488, -8520148962915647488]',
                        '[-8520148962915647487, -8520148962781429761]',
                        '[-8520148962781429759, -8520148962747875329]',
                        '[-8520148962747875327, -8520148962714320897]',
                        '[-8520148962714320896, -8520148962714320896]',
                        '[-8520148962714320895, -8520148962680766465]',
                        '[-8520148962672377855, -8520148962663989249]',
                        '[-8520148962663989248, -8520148962663989248]',
                        '[-8520148962663989247, -8520148962655600641]',
                        '[-8520148962647212032, -8520148962647212032]',
                        '[-8520148962613657599, -8520148962611560449]',
                        '[-8520148962611560447, -8520148962611036161]',
                        '[-8520148962610511872, -8520148962610511872]',
                        '[-8520148962610511871, -8520148962609987585]',
                        '[-8520148962609987583, -8520148962609463297]',
                        '[-8520148962609463296, -8520148962609463296]',
                        '[-8520148962609463295, -8520148962607366145]',
                        '[-8520148962607366143, -8520148962605268993]',
                        '[-8520148962605268991, -8520148962596880385]',
                        '[-8520148962596880384, -8520148962596880384]',
                        '[-8520148962596880383, -8520148962588491777]',
                        '[-8520148962580103168, -8520148962580103168]',
                        '[-8520148962578006015, -8520148962575908865]',
                        '[-8520148962575908864, -8520148962575908864]',
                        '[-8520148962575908863, -8520148962573811713]',
                        '[-8520148962573811711, -8520148962571714561]',
                        '[-8520148962571714559, -8520148962563325953]',
                        '[-8520148962563325952, -8520148962563325952]',
                        '[-8520148962563325951, -8520148962554937345]',
                        '[-8520148962554937343, -8520148962546548737]',
                        '[-8520148962504572927, -8520148962504540161]',
                        '[-8520148962504540160, -8520148962504540160]',
                        '[-8520148962504540159, -8520148962504507393]',
                        '[-8520148962504507391, -8520148962504474625]',
                        '[-8520148962504474623, -8520148962504343553]',
                        '[-8520148962504343552, -8520148962504343552]',
                        '[-8520148962504343551, -8520148962504212481]',
                        '[-8520148962504212479, -8520148962504081409]',
                        '[-8520148962504081407, -8520148962503557121]',
                        '[-8520148962503557120, -8520148962503557120]',
                        '[-8520148962503557119, -8520148962503032833]',
                        '[-8520148962503032831, -8520148962502508545]',
                        '[-8520148962502508543, -8520148962500411393]',
                        '[-8520148962500411392, -8520148962500411392]',
                        '[-8520148962500411391, -8520148962498314241]',
                        '[-8520148962498314239, -8520148962496217089]',
                        '[-8520148962496217088, -8520148962496217088]',
                        '[-8520148962496217087, -8520148962487828481]',
                        '[-8520148962487828479, -8520148962479439873]',
                        '[-8520148962479439871, -8520148962445885441]',
                        '[-8520148962445885440, -8520148962445885440]',
                        '[-8520148962445885439, -8520148962412331009]',
                        '[-8520148962412331007, -8520148962378776577]',
                        '[-8520148962378776576, -8520148962378776576]',
                        '[-8520148962378776575, -8520148962244558849]',
                        '[-8520148962244558847, -8520148962110341121]',
                        '[-8520148962110341119, -8520148962076786689]',
                        '[-8520148962076786687, -8520148962043232257]',
                        '[-8520148962043232256, -8520148962043232256]',
                        '[-8520148961841905664, -8520148961841905664]',
                        '[-8520148961640579072, -8520148961640579072]',
                        '[-8520148961623801856, -8520148961623801856]',
                        '[-8520148961623801855, -8520148961615413249]',
                        '[-8520148961573470208, -8520148961573470208]',
                        '[-8520148960835272704, -8520148960835272704]',
                        '[-8520148960835272703, -8520148960801718273]',
                        '[-8520148960768163840, -8520148960768163840]',
                        '[-8520148960768163839, -8520148960633946113]',
                        '[-8520148960231292928, -8520148960231292928]',
                        '[-8520148960231292927, -8520148960097075201]',
                        '[-8520148960097075199, -8520148959962857473]',
                        '[-8520148959962857471, -8520148959929303041]',
                        '[-8520148959929303039, -8520148959895748609]',
                        '[-8520148959895748608, -8520148959895748608]',
                        '[-8520148959694422016, -8520148959694422016]',
                        '[-8520148959627313152, -8520148959627313152]',
                        '[-8520148959627313151, -8520148959593758721]',
                        '[-8520148959593758719, -8520148959560204289]',
                        '[-8520148959560204287, -8520148959526649857]',
                        '[-8520148959526649855, -8520148959518261249]',
                        '[-8520148959509872640, -8520148959509872640]',
                        '[-8520148959509872639, -8520148959501484033]',
                        '[-8520148959501484031, -8520148959493095425]',
                        '[-8520148959493095424, -8520148959493095424]',
                        '[-8520148959493095423, -8520148959459540993]',
                        '[-8520148959459540991, -8520148959425986561]',
                        '[-8520148959425986560, -8520148959425986560]',
                        '[-8520148959425986559, -8520148959291768833]',
                        '[-8520148959291768831, -8520148959157551105]',
                        '[-8520148959157551104, -8520148959157551104]',
                        '[-8520148958754897919, -8520148958620680193]',
                        '[-8520148958620680192, -8520148958620680192]',
                        '[-8520148949762310144, -8520148949762310144]',
                        '[-8520148932582440960, -8520148932582440960]',
                        '[-8520148863862964224, -8520148863862964224]',
                        '[-8520146389961801728, -8520146389961801728]',
                        '[-8519966070054846464, -8519966070054846464]',
                        '[-8519684595078135808, -8519684595078135808]',
                        '[-8516306895357607936, -8516306895357607936]'
                      ]
                    }
                  }
                }
              ]
            }
          },
          rejectedPlans: []
        },
        executionStats: {
          executionSuccess: true,
          nReturned: 32,
          executionTimeMillis: 1,
          totalKeysExamined: 371,
          totalDocsExamined: 370,
          executionStages: {
            isCached: false,
            stage: 'FETCH',
            filter: {
              isAvailable: {
                '$eq': true
              }
            },
            nReturned: 32,
            executionTimeMillisEstimate: 1,
            works: 429,
            advanced: 32,
            needTime: 397,
            needYield: 0,
            saveState: 2,
            restoreState: 1,
            isEOF: 0,
            docsExamined: 49,
            alreadyHasObj: 49,
            inputStage: {
              stage: 'GEO_NEAR_2DSPHERE',
              nReturned: 49,
              executionTimeMillisEstimate: 1,
              works: 429,
              advanced: 49,
              needTime: 380,
              needYield: 0,
              saveState: 2,
              restoreState: 1,
              isEOF: 0,
              keyPattern: {
                location: '2dsphere'
              },
              indexName: 'location_2dsphere',
              indexVersion: 2,
              searchIntervals: [
                {
                  minDistance: 0,
                  maxDistance: 53.25514523978361,
                  maxInclusive: false,
                  nBuffered: 45,
                  nReturned: 31
                },
                {
                  minDistance: 53.25514523978361,
                  maxDistance: 159.76543571935082,
                  maxInclusive: false,
                  nBuffered: 276,
                  nReturned: 18
                }
              ],
              inputStages: [
                {
                  stage: 'FETCH',
                  nReturned: 45,
                  executionTimeMillisEstimate: 0,
                  works: 69,
                  advanced: 45,
                  needTime: 23,
                  needYield: 0,
                  saveState: 1,
                  restoreState: 0,
                  isEOF: 1,
                  docsExamined: 45,
                  alreadyHasObj: 0,
                  inputStage: {
                    stage: 'IXSCAN',
                    nReturned: 45,
                    executionTimeMillisEstimate: 0,
                    works: 69,
                    advanced: 45,
                    needTime: 23,
                    needYield: 0,
                    saveState: 1,
                    restoreState: 0,
                    isEOF: 1,
                    keyPattern: {
                      location: '2dsphere'
                    },
                    indexName: 'location_2dsphere',
                    isMultiKey: false,
                    multiKeyPaths: {
                      location: []
                    },
                    isUnique: false,
                    isSparse: false,
                    isPartial: false,
                    indexVersion: 2,
                    direction: 'forward',
                    indexBounds: {
                      location: [
                        '[-8574853690513424384, -8574853690513424384]',
                        '[-8520810494984978432, -8520810494984978432]',
                        '[-8520177176287379456, -8520177176287379456]',
                        '[-8520159584101335040, -8520159584101335040]',
                        '[-8520149688496685056, -8520149688496685056]',
                        '[-8520148965868437504, -8520148965868437504]',
                        '[-8520148965600002048, -8520148965600002048]',
                        '[-8520148965566447615, -8520148965532893185]',
                        '[-8520148965532893184, -8520148965532893184]',
                        '[-8520148965532893183, -8520148965499338753]',
                        '[-8520148963720953856, -8520148963720953856]',
                        '[-8520148962915647488, -8520148962915647488]',
                        '[-8520148962714320896, -8520148962714320896]',
                        '[-8520148962680766463, -8520148962672377857]',
                        '[-8520148962663989248, -8520148962663989248]',
                        '[-8520148962655600639, -8520148962647212033]',
                        '[-8520148962647212032, -8520148962647212032]',
                        '[-8520148962647212031, -8520148962613657601]',
                        '[-8520148962611036159, -8520148962610511873]',
                        '[-8520148962610511872, -8520148962610511872]',
                        '[-8520148962609463296, -8520148962609463296]',
                        '[-8520148962596880384, -8520148962596880384]',
                        '[-8520148962588491775, -8520148962580103169]',
                        '[-8520148962580103168, -8520148962580103168]',
                        '[-8520148962580103167, -8520148962578006017]',
                        '[-8520148962575908864, -8520148962575908864]',
                        '[-8520148962563325952, -8520148962563325952]',
                        '[-8520148962546548735, -8520148962512994305]',
                        '[-8520148962512994303, -8520148962504605697]',
                        '[-8520148962504605695, -8520148962504572929]',
                        '[-8520148962504540160, -8520148962504540160]',
                        '[-8520148962504343552, -8520148962504343552]',
                        '[-8520148962503557120, -8520148962503557120]',
                        '[-8520148962500411392, -8520148962500411392]',
                        '[-8520148962496217088, -8520148962496217088]',
                        '[-8520148962445885440, -8520148962445885440]',
                        '[-8520148962378776576, -8520148962378776576]',
                        '[-8520148961573470208, -8520148961573470208]',
                        '[-8520148959895748608, -8520148959895748608]',
                        '[-8520148959895748607, -8520148959862194177]',
                        '[-8520148959862194175, -8520148959828639745]',
                        '[-8520148959828639743, -8520148959694422017]',
                        '[-8520148959694422016, -8520148959694422016]',
                        '[-8520148959694422015, -8520148959660867585]',
                        '[-8520148959660867583, -8520148959627313153]',
                        '[-8520148959627313152, -8520148959627313152]',
                        '[-8520148959518261247, -8520148959509872641]',
                        '[-8520148959509872640, -8520148959509872640]',
                        '[-8520148959493095424, -8520148959493095424]',
                        '[-8520148959425986560, -8520148959425986560]',
                        '[-8520148949762310144, -8520148949762310144]',
                        '[-8520148932582440960, -8520148932582440960]',
                        '[-8520148863862964224, -8520148863862964224]',
                        '[-8520146389961801728, -8520146389961801728]',
                        '[-8519966070054846464, -8519966070054846464]',
                        '[-8519684595078135808, -8519684595078135808]',
                        '[-8516306895357607936, -8516306895357607936]'
                      ]
                    },
                    keysExamined: 68,
                    seeks: 24,
                    dupsTested: 0,
                    dupsDropped: 0
                  }
                },
                {
                  stage: 'FETCH',
                  nReturned: 276,
                  executionTimeMillisEstimate: 1,
                  works: 304,
                  advanced: 276,
                  needTime: 27,
                  needYield: 0,
                  saveState: 1,
                  restoreState: 0,
                  isEOF: 1,
                  docsExamined: 276,
                  alreadyHasObj: 0,
                  inputStage: {
                    stage: 'IXSCAN',
                    nReturned: 276,
                    executionTimeMillisEstimate: 0,
                    works: 304,
                    advanced: 276,
                    needTime: 27,
                    needYield: 0,
                    saveState: 1,
                    restoreState: 0,
                    isEOF: 1,
                    keyPattern: {
                      location: '2dsphere'
                    },
                    indexName: 'location_2dsphere',
                    isMultiKey: false,
                    multiKeyPaths: {
                      location: []
                    },
                    isUnique: false,
                    isSparse: false,
                    isPartial: false,
                    indexVersion: 2,
                    direction: 'forward',
                    indexBounds: {
                      location: [
                        '[-8574853690513424384, -8574853690513424384]',
                        '[-8520810494984978432, -8520810494984978432]',
                        '[-8520177176287379456, -8520177176287379456]',
                        '[-8520159584101335040, -8520159584101335040]',
                        '[-8520149688496685056, -8520149688496685056]',
                        '[-8520148966136872960, -8520148966136872960]',
                        '[-8520148966136872959, -8520148966002655233]',
                        '[-8520148965868437504, -8520148965868437504]',
                        '[-8520148965868437503, -8520148965734219777]',
                        '[-8520148965734219775, -8520148965600002049]',
                        '[-8520148965600002048, -8520148965600002048]',
                        '[-8520148965600002047, -8520148965566447617]',
                        '[-8520148965532893184, -8520148965532893184]',
                        '[-8520148965499338751, -8520148965465784321]',
                        '[-8520148965465784319, -8520148965331566593]',
                        '[-8520148963720953856, -8520148963720953856]',
                        '[-8520148963452518400, -8520148963452518400]',
                        '[-8520148963251191808, -8520148963251191808]',
                        '[-8520148963251191807, -8520148963217637377]',
                        '[-8520148963217637375, -8520148963184082945]',
                        '[-8520148963184082943, -8520148963049865217]',
                        '[-8520148963049865215, -8520148962915647489]',
                        '[-8520148962915647488, -8520148962915647488]',
                        '[-8520148962915647487, -8520148962781429761]',
                        '[-8520148962781429759, -8520148962747875329]',
                        '[-8520148962747875327, -8520148962714320897]',
                        '[-8520148962714320896, -8520148962714320896]',
                        '[-8520148962714320895, -8520148962680766465]',
                        '[-8520148962672377855, -8520148962663989249]',
                        '[-8520148962663989248, -8520148962663989248]',
                        '[-8520148962663989247, -8520148962655600641]',
                        '[-8520148962647212032, -8520148962647212032]',
                        '[-8520148962613657599, -8520148962611560449]',
                        '[-8520148962611560447, -8520148962611036161]',
                        '[-8520148962610511872, -8520148962610511872]',
                        '[-8520148962610511871, -8520148962609987585]',
                        '[-8520148962609987583, -8520148962609463297]',
                        '[-8520148962609463296, -8520148962609463296]',
                        '[-8520148962609463295, -8520148962607366145]',
                        '[-8520148962607366143, -8520148962605268993]',
                        '[-8520148962605268991, -8520148962596880385]',
                        '[-8520148962596880384, -8520148962596880384]',
                        '[-8520148962596880383, -8520148962588491777]',
                        '[-8520148962580103168, -8520148962580103168]',
                        '[-8520148962578006015, -8520148962575908865]',
                        '[-8520148962575908864, -8520148962575908864]',
                        '[-8520148962575908863, -8520148962573811713]',
                        '[-8520148962573811711, -8520148962571714561]',
                        '[-8520148962571714559, -8520148962563325953]',
                        '[-8520148962563325952, -8520148962563325952]',
                        '[-8520148962563325951, -8520148962554937345]',
                        '[-8520148962554937343, -8520148962546548737]',
                        '[-8520148962504572927, -8520148962504540161]',
                        '[-8520148962504540160, -8520148962504540160]',
                        '[-8520148962504540159, -8520148962504507393]',
                        '[-8520148962504507391, -8520148962504474625]',
                        '[-8520148962504474623, -8520148962504343553]',
                        '[-8520148962504343552, -8520148962504343552]',
                        '[-8520148962504343551, -8520148962504212481]',
                        '[-8520148962504212479, -8520148962504081409]',
                        '[-8520148962504081407, -8520148962503557121]',
                        '[-8520148962503557120, -8520148962503557120]',
                        '[-8520148962503557119, -8520148962503032833]',
                        '[-8520148962503032831, -8520148962502508545]',
                        '[-8520148962502508543, -8520148962500411393]',
                        '[-8520148962500411392, -8520148962500411392]',
                        '[-8520148962500411391, -8520148962498314241]',
                        '[-8520148962498314239, -8520148962496217089]',
                        '[-8520148962496217088, -8520148962496217088]',
                        '[-8520148962496217087, -8520148962487828481]',
                        '[-8520148962487828479, -8520148962479439873]',
                        '[-8520148962479439871, -8520148962445885441]',
                        '[-8520148962445885440, -8520148962445885440]',
                        '[-8520148962445885439, -8520148962412331009]',
                        '[-8520148962412331007, -8520148962378776577]',
                        '[-8520148962378776576, -8520148962378776576]',
                        '[-8520148962378776575, -8520148962244558849]',
                        '[-8520148962244558847, -8520148962110341121]',
                        '[-8520148962110341119, -8520148962076786689]',
                        '[-8520148962076786687, -8520148962043232257]',
                        '[-8520148962043232256, -8520148962043232256]',
                        '[-8520148961841905664, -8520148961841905664]',
                        '[-8520148961640579072, -8520148961640579072]',
                        '[-8520148961623801856, -8520148961623801856]',
                        '[-8520148961623801855, -8520148961615413249]',
                        '[-8520148961573470208, -8520148961573470208]',
                        '[-8520148960835272704, -8520148960835272704]',
                        '[-8520148960835272703, -8520148960801718273]',
                        '[-8520148960768163840, -8520148960768163840]',
                        '[-8520148960768163839, -8520148960633946113]',
                        '[-8520148960231292928, -8520148960231292928]',
                        '[-8520148960231292927, -8520148960097075201]',
                        '[-8520148960097075199, -8520148959962857473]',
                        '[-8520148959962857471, -8520148959929303041]',
                        '[-8520148959929303039, -8520148959895748609]',
                        '[-8520148959895748608, -8520148959895748608]',
                        '[-8520148959694422016, -8520148959694422016]',
                        '[-8520148959627313152, -8520148959627313152]',
                        '[-8520148959627313151, -8520148959593758721]',
                        '[-8520148959593758719, -8520148959560204289]',
                        '[-8520148959560204287, -8520148959526649857]',
                        '[-8520148959526649855, -8520148959518261249]',
                        '[-8520148959509872640, -8520148959509872640]',
                        '[-8520148959509872639, -8520148959501484033]',
                        '[-8520148959501484031, -8520148959493095425]',
                        '[-8520148959493095424, -8520148959493095424]',
                        '[-8520148959493095423, -8520148959459540993]',
                        '[-8520148959459540991, -8520148959425986561]',
                        '[-8520148959425986560, -8520148959425986560]',
                        '[-8520148959425986559, -8520148959291768833]',
                        '[-8520148959291768831, -8520148959157551105]',
                        '[-8520148959157551104, -8520148959157551104]',
                        '[-8520148958754897919, -8520148958620680193]',
                        '[-8520148958620680192, -8520148958620680192]',
                        '[-8520148949762310144, -8520148949762310144]',
                        '[-8520148932582440960, -8520148932582440960]',
                        '[-8520148863862964224, -8520148863862964224]',
                        '[-8520146389961801728, -8520146389961801728]',
                        '[-8519966070054846464, -8519966070054846464]',
                        '[-8519684595078135808, -8519684595078135808]',
                        '[-8516306895357607936, -8516306895357607936]'
                      ]
                    },
                    keysExamined: 303,
                    seeks: 28,
                    dupsTested: 0,
                    dupsDropped: 0
                  }
                }
              ]
            }
          }
        }
      },
      nReturned: Long('5'),
      executionTimeMillisEstimate: Long('2')
    },
    {
      '$limit': Long('5'),
      nReturned: Long('5'),
      executionTimeMillisEstimate: Long('2')
    },
    {
      '$project': {
        vehicleId: true,
        location: true,
        isAvailable: true,
        distance_km: {
          '$divide': [
            '$dist_meters',
            {
              '$const': 1000
            }
          ]
        },
        _id: false
      },
      nReturned: Long('5'),
      executionTimeMillisEstimate: Long('2')
    }
  ],
  queryShapeHash: '32F08C4FD6C36C86FDA267F141AFC1B314CC63E62D8F0ED2E8E55E91726147BE',
  serverInfo: {
    host: 'user-Inspiron-15-3511',
    port: 27017,
    version: '8.0.29',
    gitVersion: '559d67c651f7393e62757234a0b25cb7a8622148'
  },
  serverParameters: {
    internalQueryFacetBufferSizeBytes: 104857600,
    internalQueryFacetMaxOutputDocSizeBytes: 104857600,
    internalLookupStageIntermediateDocumentMaxSizeBytes: 104857600,
    internalDocumentSourceGroupMaxMemoryBytes: 104857600,
    internalQueryMaxBlockingSortMemoryUsageBytes: 104857600,
    internalQueryProhibitBlockingMergeOnMongoS: 0,
    internalQueryMaxAddToSetBytes: 104857600,
    internalDocumentSourceSetWindowFieldsMaxMemoryBytes: 104857600,
    internalQueryFrameworkControl: 'trySbeRestricted',
    internalQueryPlannerIgnoreIndexWithCollationForRegex: 1
  },
  command: {
    aggregate: 'TelemetryPings',
    pipeline: [
      {
        '$geoNear': {
          near: {
            type: 'Point',
            coordinates: [
              -73.9857,
              40.7484
            ]
          },
          distanceField: 'dist_meters',
          maxDistance: 5000,
          spherical: true,
          query: {
            isAvailable: true
          }
        }
      },
      {
        '$limit': 5
      },
      {
        '$project': {
          _id: 0,
          vehicleId: 1,
          location: 1,
          isAvailable: 1,
          distance_km: {
            '$divide': [
              '$dist_meters',
              1000
            ]
          }
        }
      }
    ],
    cursor: {},
    '$db': 'ridesync_db'
  },
  ok: 1
}

------------------------------------------------------------
ACTUAL QUERY RESULTS
------------------------------------------------------------
[
  {
    vehicleId: 'V00896',
    isAvailable: true,
    location: {
      type: 'Point',
      coordinates: [
        -73.98577689503158,
        40.74840163323787
      ]
    },
    distance_km: 0.006487358924338774
  },
  {
    vehicleId: 'V09202',
    isAvailable: true,
    location: {
      type: 'Point',
      coordinates: [
        -73.98581482704297,
        40.748340334456095
      ]
    },
    distance_km: 0.011742647636828545
  },
  {
    vehicleId: 'V00162',
    isAvailable: true,
    location: {
      type: 'Point',
      coordinates: [
        -73.98556084911867,
        40.748495328816865
      ]
    },
    distance_km: 0.01582161570097065
  },
  {
    vehicleId: 'V04364',
    isAvailable: true,
    location: {
      type: 'Point',
      coordinates: [
        -73.98574213849562,
        40.748227261787065
      ]
    },
    distance_km: 0.01955463644003658
  },
  {
    vehicleId: 'V08335',
    isAvailable: true,
    location: {
      type: 'Point',
      coordinates: [
        -73.98558571923716,
        40.74856062510863
      ]
    },
    distance_km: 0.02031256802417568
  }
]
